// Jest Snapshot v1, https://goo.gl/fbAQLP

exports[`matches snapshot 1`] = `
<div
  className="App"
  data-testid="app"
>
  <div
    className="navbar"
    data-testid="navbar"
  >
    <div
      aria-hidden="true"
      className="dark-filter hide"
      onClick={[Function]}
      onKeyDown={[Function]}
    />
    <div
      className="burger"
    >
      <button
        className="burger-wrapper"
        id="burger-wrapper"
        onClick={[Function]}
        type="button"
      >
        <div
          className="burger-menu"
          id="burger-menu"
        />
      </button>
    </div>
    <img
      alt=""
      className="nav-logo"
      src="/assets/logo.png"
    />
    <div
      className="nav-links"
    >
      <a
        className="nav-item"
        data-testid="navbar-homepage"
        href="/"
        onClick={[Function]}
      >
        Home
      </a>
      <a
        className="nav-item"
        data-testid="navbar-mansions"
        href="/mansions"
        onClick={[Function]}
      >
        Mansions
      </a>
      <a
        className="nav-item"
        data-testid="navbar-appointments"
        href="/appointments"
        onClick={[Function]}
      >
        Appointments
      </a>
      <a
        className="nav-item"
        data-testid="navbar-agents"
        href="/agents"
        onClick={[Function]}
      >
        Agents
      </a>
      <a
        className="nav-item"
        data-testid="navbar-login"
        href="/login"
        onClick={[Function]}
      >
        Login
      </a>
      <a
        className="nav-item"
        data-testid="navbar-register"
        href="/register"
        onClick={[Function]}
      >
        Register
      </a>
    </div>
    <div
      className="nav-social"
    />
  </div>
  <div
    className="page"
  >
    <h2
      className="page-title"
      data-testid="mansions"
    >
      Mansions
    </h2>
    <div
      className="listings"
      data-testid="listings"
    />
  </div>
</div>
`;
